{"ip":"::1","level":"info","message":"POST /api/hit","service":"api-monitoring","timestamp":"2026-04-17 12:57:27","userAgent":"PostmanRuntime/7.52.0"}
{"apiKeyId":"69e1dbd0d85e658e42d14fb1","clientId":"69e1db4cd85e658e42d14fab","clientName":"Git Briieffff","level":"debug","message":"API key validated successfully","service":"api-monitoring","timestamp":"2026-04-17 12:57:27"}
{"clientId":"69e1db4cd85e658e42d14fab","clientKeys":["$__","$isNew","_doc"],"clientName":"Git Briieffff","level":"info","message":"Ingest: Client data received","service":"api-monitoring","timestamp":"2026-04-17 12:57:27"}
{"clientId":"69e1db4cd85e658e42d14fab","endpoint":"/api/users/login","level":"info","message":"Ingest: Hit data prepared","method":"GET","service":"api-monitoring","timestamp":"2026-04-17 12:57:27"}
{"failures":0,"halfOpenAttempts":0,"halfOpenMaxAttempts":3,"halfOpenSuccesses":0,"level":"debug","message":"[CircuitBreaker] allowRequest check","service":"api-monitoring","state":"CLOSED","timestamp":"2026-04-17 12:57:27"}
{"level":"info","message":"Connecting to RabbitMQ: amqp://api_user:secure_password@localhost:5673/api_monitoring","service":"api-monitoring","timestamp":"2026-04-17 12:57:27"}
{"code":"ECONNREFUSED","level":"error","message":"Failed to connect to RabbitMQ!","service":"api-monitoring","stack":"AggregateError [ECONNREFUSED]: \n    at internalConnectMultiple (node:net:1121:18)\n    at afterConnectMultiple (node:net:1688:7)","timestamp":"2026-04-17 12:57:27"}
{"attempt":1,"correlationId":"2eb66e28-03e6-4bcb-aef0-7d4dc30c0fb6","error":"","eventId":"2eb66e28-03e6-4bcb-aef0-7d4dc30c0fb6","level":"error","message":"[EventProducer] publish attempt failed","service":"api-monitoring","timestamp":"2026-04-17 12:57:27"}
{"level":"info","message":"Connecting to RabbitMQ: amqp://api_user:secure_password@localhost:5673/api_monitoring","service":"api-monitoring","timestamp":"2026-04-17 12:57:28"}
{"code":"ECONNREFUSED","level":"error","message":"Failed to connect to RabbitMQ!","service":"api-monitoring","stack":"AggregateError [ECONNREFUSED]: \n    at internalConnectMultiple (node:net:1121:18)\n    at afterConnectMultiple (node:net:1688:7)","timestamp":"2026-04-17 12:57:28"}
{"attempt":2,"correlationId":"2eb66e28-03e6-4bcb-aef0-7d4dc30c0fb6","error":"","eventId":"2eb66e28-03e6-4bcb-aef0-7d4dc30c0fb6","level":"error","message":"[EventProducer] publish attempt failed","service":"api-monitoring","timestamp":"2026-04-17 12:57:28"}
{"level":"info","message":"Connecting to RabbitMQ: amqp://api_user:secure_password@localhost:5673/api_monitoring","service":"api-monitoring","timestamp":"2026-04-17 12:57:30"}
{"code":"ECONNREFUSED","level":"error","message":"Failed to connect to RabbitMQ!","service":"api-monitoring","stack":"AggregateError [ECONNREFUSED]: \n    at internalConnectMultiple (node:net:1121:18)\n    at afterConnectMultiple (node:net:1688:7)","timestamp":"2026-04-17 12:57:30"}
{"attempt":3,"correlationId":"2eb66e28-03e6-4bcb-aef0-7d4dc30c0fb6","error":"","eventId":"2eb66e28-03e6-4bcb-aef0-7d4dc30c0fb6","level":"error","message":"[EventProducer] publish attempt failed","service":"api-monitoring","timestamp":"2026-04-17 12:57:30"}
{"level":"info","message":"Connecting to RabbitMQ: amqp://api_user:secure_password@localhost:5673/api_monitoring","service":"api-monitoring","timestamp":"2026-04-17 12:57:34"}
{"code":"ECONNREFUSED","level":"error","message":"Failed to connect to RabbitMQ!","service":"api-monitoring","stack":"AggregateError [ECONNREFUSED]: \n    at internalConnectMultiple (node:net:1121:18)\n    at afterConnectMultiple (node:net:1688:7)","timestamp":"2026-04-17 12:57:34"}
{"attempt":4,"correlationId":"2eb66e28-03e6-4bcb-aef0-7d4dc30c0fb6","error":"","eventId":"2eb66e28-03e6-4bcb-aef0-7d4dc30c0fb6","level":"error","message":"[EventProducer] publish attempt failed","service":"api-monitoring","timestamp":"2026-04-17 12:57:34"}
{"failureThreshold":2,"failures":0,"level":"error","message":"[CircuitBreaker] failure recorded","service":"api-monitoring","state":"CLOSED","timestamp":"2026-04-17 12:57:34"}
{"level":"info","message":"[CircuitBreaker] failure count: 1/2","service":"api-monitoring","timestamp":"2026-04-17 12:57:34"}
{"code":"ECONNREFUSED","level":"error","message":"Error ingesting API hit:","service":"api-monitoring","stack":"AggregateError [ECONNREFUSED]: \n    at internalConnectMultiple (node:net:1121:18)\n    at afterConnectMultiple (node:net:1688:7)","timestamp":"2026-04-17 12:57:34"}
{"level":"error","message":"","method":"POST","service":"api-monitoring","stack":"AggregateError [ECONNREFUSED]: \n    at internalConnectMultiple (node:net:1121:18)\n    at afterConnectMultiple (node:net:1688:7)","statusCode":500,"timestamp":"2026-04-17 12:57:34"}
{"ip":"::1","level":"info","message":"POST /api/hit","service":"api-monitoring","timestamp":"2026-04-17 12:58:06","userAgent":"PostmanRuntime/7.52.0"}
{"apiKeyId":"69e1dbd0d85e658e42d14fb1","clientId":"69e1db4cd85e658e42d14fab","clientName":"Git Briieffff","level":"debug","message":"API key validated successfully","service":"api-monitoring","timestamp":"2026-04-17 12:58:06"}
{"clientId":"69e1db4cd85e658e42d14fab","clientKeys":["$__","$isNew","_doc"],"clientName":"Git Briieffff","level":"info","message":"Ingest: Client data received","service":"api-monitoring","timestamp":"2026-04-17 12:58:06"}
{"clientId":"69e1db4cd85e658e42d14fab","endpoint":"/api/users/login","level":"info","message":"Ingest: Hit data prepared","method":"GET","service":"api-monitoring","timestamp":"2026-04-17 12:58:06"}
{"failures":1,"halfOpenAttempts":0,"halfOpenMaxAttempts":3,"halfOpenSuccesses":0,"level":"debug","message":"[CircuitBreaker] allowRequest check","service":"api-monitoring","state":"CLOSED","timestamp":"2026-04-17 12:58:06"}
{"level":"info","message":"Connecting to RabbitMQ: amqp://api_user:secure_password@localhost:5673/api_monitoring","service":"api-monitoring","timestamp":"2026-04-17 12:58:06"}
{"code":"ECONNREFUSED","level":"error","message":"Failed to connect to RabbitMQ!","service":"api-monitoring","stack":"AggregateError [ECONNREFUSED]: \n    at internalConnectMultiple (node:net:1121:18)\n    at afterConnectMultiple (node:net:1688:7)","timestamp":"2026-04-17 12:58:06"}
{"attempt":1,"correlationId":"3e715d85-bcbc-4fae-a19e-2837dd99ed87","error":"","eventId":"3e715d85-bcbc-4fae-a19e-2837dd99ed87","level":"error","message":"[EventProducer] publish attempt failed","service":"api-monitoring","timestamp":"2026-04-17 12:58:06"}
{"level":"info","message":"Connecting to RabbitMQ: amqp://api_user:secure_password@localhost:5673/api_monitoring","service":"api-monitoring","timestamp":"2026-04-17 12:58:08"}
{"code":"ECONNREFUSED","level":"error","message":"Failed to connect to RabbitMQ!","service":"api-monitoring","stack":"AggregateError [ECONNREFUSED]: \n    at internalConnectMultiple (node:net:1121:18)\n    at afterConnectMultiple (node:net:1688:7)","timestamp":"2026-04-17 12:58:08"}
{"attempt":2,"correlationId":"3e715d85-bcbc-4fae-a19e-2837dd99ed87","error":"","eventId":"3e715d85-bcbc-4fae-a19e-2837dd99ed87","level":"error","message":"[EventProducer] publish attempt failed","service":"api-monitoring","timestamp":"2026-04-17 12:58:08"}
{"level":"info","message":"Connecting to RabbitMQ: amqp://api_user:secure_password@localhost:5673/api_monitoring","service":"api-monitoring","timestamp":"2026-04-17 12:58:10"}
{"code":"ECONNREFUSED","level":"error","message":"Failed to connect to RabbitMQ!","service":"api-monitoring","stack":"AggregateError [ECONNREFUSED]: \n    at internalConnectMultiple (node:net:1121:18)\n    at afterConnectMultiple (node:net:1688:7)","timestamp":"2026-04-17 12:58:10"}
{"attempt":3,"correlationId":"3e715d85-bcbc-4fae-a19e-2837dd99ed87","error":"","eventId":"3e715d85-bcbc-4fae-a19e-2837dd99ed87","level":"error","message":"[EventProducer] publish attempt failed","service":"api-monitoring","timestamp":"2026-04-17 12:58:10"}
{"level":"info","message":"Connecting to RabbitMQ: amqp://api_user:secure_password@localhost:5673/api_monitoring","service":"api-monitoring","timestamp":"2026-04-17 12:58:15"}
{"code":"ECONNREFUSED","level":"error","message":"Failed to connect to RabbitMQ!","service":"api-monitoring","stack":"AggregateError [ECONNREFUSED]: \n    at internalConnectMultiple (node:net:1121:18)\n    at afterConnectMultiple (node:net:1688:7)","timestamp":"2026-04-17 12:58:15"}
{"attempt":4,"correlationId":"3e715d85-bcbc-4fae-a19e-2837dd99ed87","error":"","eventId":"3e715d85-bcbc-4fae-a19e-2837dd99ed87","level":"error","message":"[EventProducer] publish attempt failed","service":"api-monitoring","timestamp":"2026-04-17 12:58:15"}
{"failureThreshold":2,"failures":1,"level":"error","message":"[CircuitBreaker] failure recorded","service":"api-monitoring","state":"CLOSED","timestamp":"2026-04-17 12:58:15"}
{"level":"info","message":"[CircuitBreaker] failure count: 2/2","service":"api-monitoring","timestamp":"2026-04-17 12:58:15"}
{"level":"info","message":"[CircuitBreaker] CLOSED => OPEN","service":"api-monitoring","timestamp":"2026-04-17 12:58:15"}
{"cooldownMs":30000,"failures":2,"level":"error","message":"[CircuitBreaker] OPEN","service":"api-monitoring","timestamp":"2026-04-17 12:58:15"}
{"code":"ECONNREFUSED","level":"error","message":"Error ingesting API hit:","service":"api-monitoring","stack":"AggregateError [ECONNREFUSED]: \n    at internalConnectMultiple (node:net:1121:18)\n    at afterConnectMultiple (node:net:1688:7)","timestamp":"2026-04-17 12:58:15"}
{"level":"error","message":"","method":"POST","service":"api-monitoring","stack":"AggregateError [ECONNREFUSED]: \n    at internalConnectMultiple (node:net:1121:18)\n    at afterConnectMultiple (node:net:1688:7)","statusCode":500,"timestamp":"2026-04-17 12:58:15"}
{"ip":"::1","level":"info","message":"POST /api/hit","service":"api-monitoring","timestamp":"2026-04-17 12:58:17","userAgent":"PostmanRuntime/7.52.0"}
{"apiKeyId":"69e1dbd0d85e658e42d14fb1","clientId":"69e1db4cd85e658e42d14fab","clientName":"Git Briieffff","level":"debug","message":"API key validated successfully","service":"api-monitoring","timestamp":"2026-04-17 12:58:17"}
{"clientId":"69e1db4cd85e658e42d14fab","clientKeys":["$__","$isNew","_doc"],"clientName":"Git Briieffff","level":"info","message":"Ingest: Client data received","service":"api-monitoring","timestamp":"2026-04-17 12:58:17"}
{"clientId":"69e1db4cd85e658e42d14fab","endpoint":"/api/users/login","level":"info","message":"Ingest: Hit data prepared","method":"GET","service":"api-monitoring","timestamp":"2026-04-17 12:58:17"}
{"failures":2,"halfOpenAttempts":0,"halfOpenMaxAttempts":3,"halfOpenSuccesses":0,"level":"debug","message":"[CircuitBreaker] allowRequest check","service":"api-monitoring","state":"OPEN","timestamp":"2026-04-17 12:58:17"}
{"level":"info","message":"[CircuitBreaker] rejecting request, state: OPEN","service":"api-monitoring","timestamp":"2026-04-17 12:58:17"}
{"eventId":"62b10042-b505-46fd-b50c-6bf553552771","level":"info","message":"[EventProducer] circuit breaker rejected publish","service":"api-monitoring","state":"OPEN","timestamp":"2026-04-17 12:58:17"}
{"clientId":"69e1db4cd85e658e42d14fab","endpoint":"/api/users/login","eventId":"62b10042-b505-46fd-b50c-6bf553552771","level":"warn","message":"API hit rejected by circuit breaker","method":"GET","service":"api-monitoring","timestamp":"2026-04-17 12:58:17"}
{"ip":"::1","level":"info","message":"POST /api/hit","service":"api-monitoring","timestamp":"2026-04-17 13:00:25","userAgent":"PostmanRuntime/7.52.0"}
{"apiKeyId":"69e1dbd0d85e658e42d14fb1","clientId":"69e1db4cd85e658e42d14fab","clientName":"Git Briieffff","level":"debug","message":"API key validated successfully","service":"api-monitoring","timestamp":"2026-04-17 13:00:25"}
{"clientId":"69e1db4cd85e658e42d14fab","clientKeys":["$__","$isNew","_doc"],"clientName":"Git Briieffff","level":"info","message":"Ingest: Client data received","service":"api-monitoring","timestamp":"2026-04-17 13:00:25"}
{"clientId":"69e1db4cd85e658e42d14fab","endpoint":"/api/users/login","level":"info","message":"Ingest: Hit data prepared","method":"GET","service":"api-monitoring","timestamp":"2026-04-17 13:00:25"}
{"level":"info","message":"[CircuitBreaker] OPEN => HALF_OPEN","service":"api-monitoring","timestamp":"2026-04-17 13:00:25"}
{"level":"info","message":"[CircuitBreaker] OPEN => HALF_OPEN","service":"api-monitoring","timestamp":"2026-04-17 13:00:25"}
{"failures":2,"halfOpenAttempts":0,"halfOpenMaxAttempts":3,"halfOpenSuccesses":0,"level":"debug","message":"[CircuitBreaker] allowRequest check","service":"api-monitoring","state":"HALF_OPEN","timestamp":"2026-04-17 13:00:25"}
{"level":"info","message":"[CircuitBreaker] allowing HALF_OPEN attempt 1/3","service":"api-monitoring","timestamp":"2026-04-17 13:00:25"}
{"level":"info","message":"Connecting to RabbitMQ: amqp://api_user:secure_password@localhost:5673/api_monitoring","service":"api-monitoring","timestamp":"2026-04-17 13:00:25"}
{"0":"a","1":"p","2":"i","3":"_","4":"h","5":"i","6":"t","7":"s","level":"info","message":"RabbitMQ connected, queue: ","service":"api-monitoring","timestamp":"2026-04-17 13:00:25"}
{"level":"info","message":"[ChannelManager] confirm channel ready","service":"api-monitoring","timestamp":"2026-04-17 13:00:25"}
{"failures":2,"halfOpenMaxAttempts":3,"halfOpenSuccesses":0,"level":"info","message":"[CircuitBreaker] success recorded","service":"api-monitoring","state":"HALF_OPEN","timestamp":"2026-04-17 13:00:25"}
{"level":"info","message":"[CircuitBreaker] HALF_OPEN success 1/3","service":"api-monitoring","timestamp":"2026-04-17 13:00:25"}
{"attempt":1,"correlationId":"c06d86c2-d72e-45cb-83cd-f9cf297b6a8c","endpoint":"/api/users/login","eventId":"c06d86c2-d72e-45cb-83cd-f9cf297b6a8c","latencyMs":88,"level":"info","message":"[EventProducer] published","service":"api-monitoring","timestamp":"2026-04-17 13:00:25"}
{"clientId":"69e1db4cd85e658e42d14fab","endpoint":"/api/users/login","eventId":"c06d86c2-d72e-45cb-83cd-f9cf297b6a8c","level":"info","message":"API hit ingested","method":"GET","service":"api-monitoring","timestamp":"2026-04-17 13:00:25"}
{"ip":"::1","level":"info","message":"POST /api/hit","service":"api-monitoring","timestamp":"2026-04-17 13:01:28","userAgent":"PostmanRuntime/7.52.0"}
{"apiKeyId":"69e1dbd0d85e658e42d14fb1","clientId":"69e1db4cd85e658e42d14fab","clientName":"Git Briieffff","level":"debug","message":"API key validated successfully","service":"api-monitoring","timestamp":"2026-04-17 13:01:28"}
{"clientId":"69e1db4cd85e658e42d14fab","clientKeys":["$__","$isNew","_doc"],"clientName":"Git Briieffff","level":"info","message":"Ingest: Client data received","service":"api-monitoring","timestamp":"2026-04-17 13:01:28"}
{"clientId":"69e1db4cd85e658e42d14fab","endpoint":"/api/users/login","level":"info","message":"Ingest: Hit data prepared","method":"GET","service":"api-monitoring","timestamp":"2026-04-17 13:01:28"}
{"failures":2,"halfOpenAttempts":1,"halfOpenMaxAttempts":3,"halfOpenSuccesses":1,"level":"debug","message":"[CircuitBreaker] allowRequest check","service":"api-monitoring","state":"HALF_OPEN","timestamp":"2026-04-17 13:01:28"}
{"level":"info","message":"[CircuitBreaker] allowing HALF_OPEN attempt 2/3","service":"api-monitoring","timestamp":"2026-04-17 13:01:28"}
{"failures":2,"halfOpenMaxAttempts":3,"halfOpenSuccesses":1,"level":"info","message":"[CircuitBreaker] success recorded","service":"api-monitoring","state":"HALF_OPEN","timestamp":"2026-04-17 13:01:28"}
{"level":"info","message":"[CircuitBreaker] HALF_OPEN success 2/3","service":"api-monitoring","timestamp":"2026-04-17 13:01:28"}
{"attempt":1,"correlationId":"aae1c749-04f1-4df5-b840-62c88c6fed15","endpoint":"/api/users/login","eventId":"aae1c749-04f1-4df5-b840-62c88c6fed15","latencyMs":12,"level":"info","message":"[EventProducer] published","service":"api-monitoring","timestamp":"2026-04-17 13:01:28"}
{"clientId":"69e1db4cd85e658e42d14fab","endpoint":"/api/users/login","eventId":"aae1c749-04f1-4df5-b840-62c88c6fed15","level":"info","message":"API hit ingested","method":"GET","service":"api-monitoring","timestamp":"2026-04-17 13:01:28"}
{"ip":"::1","level":"info","message":"POST /api/hit","service":"api-monitoring","timestamp":"2026-04-17 13:01:55","userAgent":"PostmanRuntime/7.52.0"}
{"apiKeyId":"69e1dbd0d85e658e42d14fb1","clientId":"69e1db4cd85e658e42d14fab","clientName":"Git Briieffff","level":"debug","message":"API key validated successfully","service":"api-monitoring","timestamp":"2026-04-17 13:01:55"}
{"clientId":"69e1db4cd85e658e42d14fab","clientKeys":["$__","$isNew","_doc"],"clientName":"Git Briieffff","level":"info","message":"Ingest: Client data received","service":"api-monitoring","timestamp":"2026-04-17 13:01:55"}
{"clientId":"69e1db4cd85e658e42d14fab","endpoint":"/api/users/login","level":"info","message":"Ingest: Hit data prepared","method":"GET","service":"api-monitoring","timestamp":"2026-04-17 13:01:55"}
{"failures":2,"halfOpenAttempts":2,"halfOpenMaxAttempts":3,"halfOpenSuccesses":2,"level":"debug","message":"[CircuitBreaker] allowRequest check","service":"api-monitoring","state":"HALF_OPEN","timestamp":"2026-04-17 13:01:55"}
{"level":"info","message":"[CircuitBreaker] allowing HALF_OPEN attempt 3/3","service":"api-monitoring","timestamp":"2026-04-17 13:01:55"}
{"failures":2,"halfOpenMaxAttempts":3,"halfOpenSuccesses":2,"level":"info","message":"[CircuitBreaker] success recorded","service":"api-monitoring","state":"HALF_OPEN","timestamp":"2026-04-17 13:01:55"}
{"level":"info","message":"[CircuitBreaker] HALF_OPEN success 3/3","service":"api-monitoring","timestamp":"2026-04-17 13:01:55"}
{"level":"info","message":"[CircuitBreaker] HALF_OPEN => CLOSED","service":"api-monitoring","timestamp":"2026-04-17 13:01:55"}
{"level":"info","message":"[CircuitBreaker] reset to CLOSED after successful half-open probes","service":"api-monitoring","timestamp":"2026-04-17 13:01:55"}
{"attempt":1,"correlationId":"fb13cfe8-552e-42ce-952b-eec7201e1393","endpoint":"/api/users/login","eventId":"fb13cfe8-552e-42ce-952b-eec7201e1393","latencyMs":8,"level":"info","message":"[EventProducer] published","service":"api-monitoring","timestamp":"2026-04-17 13:01:55"}
{"clientId":"69e1db4cd85e658e42d14fab","endpoint":"/api/users/login","eventId":"fb13cfe8-552e-42ce-952b-eec7201e1393","level":"info","message":"API hit ingested","method":"GET","service":"api-monitoring","timestamp":"2026-04-17 13:01:55"}
{"level":"info","message":"SIGINT received, shutting down gracefully...","service":"api-monitoring","timestamp":"2026-04-17 13:05:36"}
{"level":"info","message":"HTTP server closed","service":"api-monitoring","timestamp":"2026-04-17 13:05:36"}
{"level":"info","message":"MongoDB disconnected!","service":"api-monitoring","timestamp":"2026-04-17 13:05:36"}
{"level":"info","message":"PG pool closed!","service":"api-monitoring","timestamp":"2026-04-17 13:05:36"}
{"level":"warn","message":"[ChannelManager] confirm channel closed unexpectedly","service":"api-monitoring","timestamp":"2026-04-17 13:05:36"}
{"level":"info","message":"Initializing database connections...","service":"api-monitoring","timestamp":"2026-05-23 07:03:36"}
{"level":"info","message":"MongoDB connected: mongodb://mongo:27017/api_monitoring","service":"api-monitoring","timestamp":"2026-05-23 07:03:36"}
{"level":"info","message":"PG pool created!","service":"api-monitoring","timestamp":"2026-05-23 07:03:36"}
{"level":"info","message":"PG connected successfully at Sat May 23 2026 07:03:36 GMT+0000 (Coordinated Universal Time)","service":"api-monitoring","timestamp":"2026-05-23 07:03:36"}
{"level":"info","message":"Connecting to RabbitMQ: amqp://api_user:secure_password@rabbitmq:5672/api_monitoring","service":"api-monitoring","timestamp":"2026-05-23 07:03:36"}
{"0":"a","1":"p","2":"i","3":"_","4":"h","5":"i","6":"t","7":"s","level":"info","message":"RabbitMQ connected, queue: ","service":"api-monitoring","timestamp":"2026-05-23 07:03:36"}
{"level":"info","message":"All connections established successfully","service":"api-monitoring","timestamp":"2026-05-23 07:03:36"}
{"level":"info","message":"Server started on port 5000","service":"api-monitoring","timestamp":"2026-05-23 07:03:36"}
{"level":"info","message":"Environment: production","service":"api-monitoring","timestamp":"2026-05-23 07:03:36"}
{"level":"info","message":"API available at: http://localhost:5000","service":"api-monitoring","timestamp":"2026-05-23 07:03:36"}
{"level":"info","message":"SIGTERM received, shutting down gracefully...","service":"api-monitoring","timestamp":"2026-05-23 07:03:54"}
{"level":"info","message":"HTTP server closed","service":"api-monitoring","timestamp":"2026-05-23 07:03:54"}
{"level":"info","message":"MongoDB disconnected!","service":"api-monitoring","timestamp":"2026-05-23 07:03:54"}
{"level":"info","message":"PG pool closed!","service":"api-monitoring","timestamp":"2026-05-23 07:03:54"}
{"level":"warn","message":"RabbitMQ connection closed!","service":"api-monitoring","timestamp":"2026-05-23 07:03:54"}
{"level":"info","message":"Initializing database connections...","service":"api-monitoring","timestamp":"2026-05-23 12:34:02"}
{"level":"info","message":"MongoDB connected: mongodb://localhost:27018/api_monitoring","service":"api-monitoring","timestamp":"2026-05-23 12:34:02"}
{"level":"info","message":"PG pool created!","service":"api-monitoring","timestamp":"2026-05-23 12:34:02"}
{"level":"info","message":"PG connected successfully at Sat May 23 2026 12:34:02 GMT+0530 (India Standard Time)","service":"api-monitoring","timestamp":"2026-05-23 12:34:02"}
{"level":"info","message":"Connecting to RabbitMQ: amqp://api_user:secure_password@localhost:5673/api_monitoring","service":"api-monitoring","timestamp":"2026-05-23 12:34:02"}
{"0":"a","1":"p","2":"i","3":"_","4":"h","5":"i","6":"t","7":"s","level":"info","message":"RabbitMQ connected, queue: ","service":"api-monitoring","timestamp":"2026-05-23 12:34:02"}
{"level":"info","message":"All connections established successfully","service":"api-monitoring","timestamp":"2026-05-23 12:34:02"}
{"level":"info","message":"Server started on port 5000","service":"api-monitoring","timestamp":"2026-05-23 12:34:02"}
{"level":"info","message":"Environment: development","service":"api-monitoring","timestamp":"2026-05-23 12:34:02"}
{"level":"info","message":"API available at: http://localhost:5000","service":"api-monitoring","timestamp":"2026-05-23 12:34:02"}
{"ip":"::1","level":"info","message":"GET /","service":"api-monitoring","timestamp":"2026-05-23 12:34:20","userAgent":"Mozilla/5.0 (Windows NT 10.0; Win64; x64) AppleWebKit/537.36 (KHTML, like Gecko) Code/1.121.0 Chrome/142.0.7444.265 Electron/39.8.8 Safari/537.36"}
{"ip":"::1","level":"info","message":"GET /favicon.ico","service":"api-monitoring","timestamp":"2026-05-23 12:34:21","userAgent":"Mozilla/5.0 (Windows NT 10.0; Win64; x64) AppleWebKit/537.36 (KHTML, like Gecko) Code/1.121.0 Chrome/142.0.7444.265 Electron/39.8.8 Safari/537.36"}
{"ip":"::1","level":"info","message":"GET /","service":"api-monitoring","timestamp":"2026-05-23 12:34:43","userAgent":"Mozilla/5.0 (Windows NT 10.0; Win64; x64) AppleWebKit/537.36 (KHTML, like Gecko) Chrome/148.0.0.0 Safari/537.36"}
{"ip":"::1","level":"info","message":"GET /favicon.ico","service":"api-monitoring","timestamp":"2026-05-23 12:34:43","userAgent":"Mozilla/5.0 (Windows NT 10.0; Win64; x64) AppleWebKit/537.36 (KHTML, like Gecko) Chrome/148.0.0.0 Safari/537.36"}
{"ip":"::1","level":"info","message":"GET /health","service":"api-monitoring","timestamp":"2026-05-23 12:34:52","userAgent":"Mozilla/5.0 (Windows NT 10.0; Win64; x64) AppleWebKit/537.36 (KHTML, like Gecko) Chrome/148.0.0.0 Safari/537.36"}
{"level":"info","message":"SIGINT received, shutting down gracefully...","service":"api-monitoring","timestamp":"2026-05-23 12:35:37"}
{"level":"info","message":"HTTP server closed","service":"api-monitoring","timestamp":"2026-05-23 12:35:37"}
{"level":"info","message":"MongoDB disconnected!","service":"api-monitoring","timestamp":"2026-05-23 12:35:37"}
{"level":"info","message":"PG pool closed!","service":"api-monitoring","timestamp":"2026-05-23 12:35:37"}
{"level":"warn","message":"RabbitMQ connection closed!","service":"api-monitoring","timestamp":"2026-05-23 12:35:37"}
{"level":"info","message":"Initializing database connections...","service":"api-monitoring","timestamp":"2026-05-24 06:47:26"}
{"level":"info","message":"MongoDB connected: mongodb://mongo:27017/api_monitoring","service":"api-monitoring","timestamp":"2026-05-24 06:47:26"}
{"level":"info","message":"PG pool created!","service":"api-monitoring","timestamp":"2026-05-24 06:47:26"}
{"level":"info","message":"PG connected successfully at Sun May 24 2026 06:47:26 GMT+0000 (Coordinated Universal Time)","service":"api-monitoring","timestamp":"2026-05-24 06:47:26"}
{"level":"info","message":"Connecting to RabbitMQ: amqp://api_user:secure_password@rabbitmq:5672/api_monitoring","service":"api-monitoring","timestamp":"2026-05-24 06:47:26"}
{"0":"a","1":"p","2":"i","3":"_","4":"h","5":"i","6":"t","7":"s","level":"info","message":"RabbitMQ connected, queue: ","service":"api-monitoring","timestamp":"2026-05-24 06:47:26"}
{"level":"info","message":"All connections established successfully","service":"api-monitoring","timestamp":"2026-05-24 06:47:26"}
{"level":"info","message":"Server started on port 5000","service":"api-monitoring","timestamp":"2026-05-24 06:47:26"}
{"level":"info","message":"Environment: production","service":"api-monitoring","timestamp":"2026-05-24 06:47:26"}
{"level":"info","message":"API available at: http://localhost:5000","service":"api-monitoring","timestamp":"2026-05-24 06:47:26"}
{"level":"info","message":"SIGTERM received, shutting down gracefully...","service":"api-monitoring","timestamp":"2026-05-24 06:47:53"}
{"level":"info","message":"HTTP server closed","service":"api-monitoring","timestamp":"2026-05-24 06:47:53"}
{"level":"info","message":"MongoDB disconnected!","service":"api-monitoring","timestamp":"2026-05-24 06:47:53"}
{"level":"info","message":"PG pool closed!","service":"api-monitoring","timestamp":"2026-05-24 06:47:53"}
{"level":"info","message":"Initializing database connections...","service":"api-monitoring","timestamp":"2026-05-24 12:18:02"}
{"level":"info","message":"MongoDB connected: mongodb://localhost:27018/api_monitoring","service":"api-monitoring","timestamp":"2026-05-24 12:18:02"}
{"level":"info","message":"PG pool created!","service":"api-monitoring","timestamp":"2026-05-24 12:18:02"}
{"level":"info","message":"PG connected successfully at Sun May 24 2026 12:18:02 GMT+0530 (India Standard Time)","service":"api-monitoring","timestamp":"2026-05-24 12:18:02"}
{"level":"info","message":"Connecting to RabbitMQ: amqp://api_user:secure_password@localhost:5673/api_monitoring","service":"api-monitoring","timestamp":"2026-05-24 12:18:02"}
{"0":"a","1":"p","2":"i","3":"_","4":"h","5":"i","6":"t","7":"s","level":"info","message":"RabbitMQ connected, queue: ","service":"api-monitoring","timestamp":"2026-05-24 12:18:02"}
{"level":"info","message":"All connections established successfully","service":"api-monitoring","timestamp":"2026-05-24 12:18:02"}
{"level":"info","message":"Server started on port 5000","service":"api-monitoring","timestamp":"2026-05-24 12:18:02"}
{"level":"info","message":"Environment: development","service":"api-monitoring","timestamp":"2026-05-24 12:18:02"}
{"level":"info","message":"API available at: http://localhost:5000","service":"api-monitoring","timestamp":"2026-05-24 12:18:02"}
{"ip":"::1","level":"info","message":"POST /api/auth/onboard-super-admin","service":"api-monitoring","timestamp":"2026-05-24 12:18:10","userAgent":"PostmanRuntime/7.53.0"}
{"errors":null,"isOperational":true,"level":"error","message":"Error in onboarding admin Super admin onboarding is disabled","service":"api-monitoring","stack":"Error: Super admin onboarding is disabled\n    at AuthService.onboardSuperAdmin (file:///C:/Projects/API-Monitoring/server/src/services/auth/service/authService.js:45:23)\n    at process.processTicksAndRejections (node:internal/process/task_queues:105:5)\n    at async AuthController.onboardSuperAdmin (file:///C:/Projects/API-Monitoring/server/src/services/auth/controller/authController.js:21:37)","statusCode":403,"timestamp":"2026-05-24 12:18:10"}
{"level":"error","message":"Super admin onboarding is disabled","method":"POST","path":"/api/auth/onboard-super-admin","service":"api-monitoring","stack":"Error: Super admin onboarding is disabled\n    at AuthService.onboardSuperAdmin (file:///C:/Projects/API-Monitoring/server/src/services/auth/service/authService.js:45:23)\n    at process.processTicksAndRejections (node:internal/process/task_queues:105:5)\n    at async AuthController.onboardSuperAdmin (file:///C:/Projects/API-Monitoring/server/src/services/auth/controller/authController.js:21:37)","statusCode":403,"timestamp":"2026-05-24 12:18:10"}
{"duration":83,"level":"info","message":"HTTP POST /api/auth/onboard-super-admin ::1 83ms","method":"POST","path":"/api/auth/onboard-super-admin","service":"api-monitoring","status":403,"timestamp":"2026-05-24 12:18:10"}
{"ip":"::1","level":"info","message":"POST /api/auth/onboard-super-admin","service":"api-monitoring","timestamp":"2026-05-24 12:19:08","userAgent":"PostmanRuntime/7.53.0"}
{"level":"info","message":"user created","service":"api-monitoring","timestamp":"2026-05-24 12:19:08","username":"Prashant"}
{"level":"info","message":"Admin onboarded sucessfully","service":"api-monitoring","timestamp":"2026-05-24 12:19:08","username":"Prashant"}
{"duration":419,"level":"info","message":"HTTP POST /api/auth/onboard-super-admin ::1 419ms","method":"POST","path":"/api/auth/onboard-super-admin","service":"api-monitoring","status":201,"timestamp":"2026-05-24 12:19:08"}
{"ip":"::1","level":"info","message":"POST /api/auth/register","service":"api-monitoring","timestamp":"2026-05-24 12:28:19","userAgent":"PostmanRuntime/7.53.0"}
{"level":"info","message":"user created","service":"api-monitoring","timestamp":"2026-05-24 12:28:20","username":"Prashant1"}
{"level":"info","message":"User registered sucessfully","service":"api-monitoring","timestamp":"2026-05-24 12:28:20","username":"Prashant1"}
{"duration":453,"level":"info","message":"HTTP POST /api/auth/register ::1 453ms","method":"POST","path":"/api/auth/register","service":"api-monitoring","status":201,"timestamp":"2026-05-24 12:28:20"}
{"ip":"::1","level":"info","message":"POST /api/auth/register","service":"api-monitoring","timestamp":"2026-05-24 12:28:25","userAgent":"PostmanRuntime/7.53.0"}
{"errors":null,"isOperational":true,"level":"error","message":"Error in registering user Username already exists","service":"api-monitoring","stack":"Error: Username already exists\n    at AuthService.register (file:///C:/Projects/API-Monitoring/server/src/services/auth/service/authService.js:70:23)\n    at process.processTicksAndRejections (node:internal/process/task_queues:105:5)\n    at async AuthController.register (file:///C:/Projects/API-Monitoring/server/src/services/auth/controller/authController.js:41:37)","statusCode":409,"timestamp":"2026-05-24 12:28:25"}
{"level":"error","message":"Username already exists","method":"POST","path":"/api/auth/register","service":"api-monitoring","stack":"Error: Username already exists\n    at AuthService.register (file:///C:/Projects/API-Monitoring/server/src/services/auth/service/authService.js:70:23)\n    at process.processTicksAndRejections (node:internal/process/task_queues:105:5)\n    at async AuthController.register (file:///C:/Projects/API-Monitoring/server/src/services/auth/controller/authController.js:41:37)","statusCode":409,"timestamp":"2026-05-24 12:28:25"}
{"duration":40,"level":"info","message":"HTTP POST /api/auth/register ::1 40ms","method":"POST","path":"/api/auth/register","service":"api-monitoring","status":409,"timestamp":"2026-05-24 12:28:25"}
{"ip":"::1","level":"info","message":"POST /api/auth/register","service":"api-monitoring","timestamp":"2026-05-24 12:28:54","userAgent":"PostmanRuntime/7.53.0"}
{"level":"info","message":"user created","service":"api-monitoring","timestamp":"2026-05-24 12:28:55","username":"Prashant1"}
{"level":"info","message":"User registered sucessfully","service":"api-monitoring","timestamp":"2026-05-24 12:28:55","username":"Prashant1"}
{"duration":232,"level":"info","message":"HTTP POST /api/auth/register ::1 232ms","method":"POST","path":"/api/auth/register","service":"api-monitoring","status":201,"timestamp":"2026-05-24 12:28:55"}
{"ip":"::1","level":"info","message":"POST /api/auth/register","service":"api-monitoring","timestamp":"2026-05-24 12:30:18","userAgent":"PostmanRuntime/7.53.0"}
{"_message":"User validation failed","errors":{"clientId":{"kind":"required","message":"Path `clientId` is required.","name":"ValidatorError","path":"clientId","properties":{"message":"Path `clientId` is required.","path":"clientId","type":"required"}}},"level":"error","message":"Error creating user User validation failed: clientId: Path `clientId` is required.","service":"api-monitoring","stack":"ValidationError: User validation failed: clientId: Path `clientId` is required.\n    at Document.invalidate (C:\\Projects\\API-Monitoring\\server\\node_modules\\mongoose\\lib\\document.js:3420:32)\n    at validatePath (C:\\Projects\\API-Monitoring\\server\\node_modules\\mongoose\\lib\\document.js:3192:13)\n    at process.processTicksAndRejections (node:internal/process/task_queues:105:5)\n    at async Promise.all (index 0)\n    at async model.$__validate (C:\\Projects\\API-Monitoring\\server\\node_modules\\mongoose\\lib\\document.js:3133:3)\n    at async model.validate (C:\\Projects\\API-Monitoring\\server\\node_modules\\mongoose\\lib\\document.js:2702:5)\n    at async model.validateBeforeSavePreSave (C:\\Projects\\API-Monitoring\\server\\node_modules\\mongoose\\lib\\plugins\\validateBeforeSave.js:39:5)\n    at async Kareem.execPre (C:\\Projects\\API-Monitoring\\server\\node_modules\\kareem\\index.js:70:24)\n    at async model.$__save (C:\\Projects\\API-Monitoring\\server\\node_modules\\mongoose\\lib\\model.js:376:5)\n    at async model.save (C:\\Projects\\API-Monitoring\\server\\node_modules\\mongoose\\lib\\model.js:642:5)","timestamp":"2026-05-24 12:30:18"}
{"_message":"User validation failed","errors":{"clientId":{"kind":"required","message":"Path `clientId` is required.","name":"ValidatorError","path":"clientId","properties":{"message":"Path `clientId` is required.","path":"clientId","type":"required"}}},"level":"error","message":"Error in registering user User validation failed: clientId: Path `clientId` is required.","service":"api-monitoring","stack":"ValidationError: User validation failed: clientId: Path `clientId` is required.\n    at Document.invalidate (C:\\Projects\\API-Monitoring\\server\\node_modules\\mongoose\\lib\\document.js:3420:32)\n    at validatePath (C:\\Projects\\API-Monitoring\\server\\node_modules\\mongoose\\lib\\document.js:3192:13)\n    at process.processTicksAndRejections (node:internal/process/task_queues:105:5)\n    at async Promise.all (index 0)\n    at async model.$__validate (C:\\Projects\\API-Monitoring\\server\\node_modules\\mongoose\\lib\\document.js:3133:3)\n    at async model.validate (C:\\Projects\\API-Monitoring\\server\\node_modules\\mongoose\\lib\\document.js:2702:5)\n    at async model.validateBeforeSavePreSave (C:\\Projects\\API-Monitoring\\server\\node_modules\\mongoose\\lib\\plugins\\validateBeforeSave.js:39:5)\n    at async Kareem.execPre (C:\\Projects\\API-Monitoring\\server\\node_modules\\kareem\\index.js:70:24)\n    at async model.$__save (C:\\Projects\\API-Monitoring\\server\\node_modules\\mongoose\\lib\\model.js:376:5)\n    at async model.save (C:\\Projects\\API-Monitoring\\server\\node_modules\\mongoose\\lib\\model.js:642:5)","timestamp":"2026-05-24 12:30:18"}
{"level":"error","message":"User validation failed: clientId: Path `clientId` is required.","method":"POST","path":"/api/auth/register","service":"api-monitoring","stack":"ValidationError: User validation failed: clientId: Path `clientId` is required.\n    at Document.invalidate (C:\\Projects\\API-Monitoring\\server\\node_modules\\mongoose\\lib\\document.js:3420:32)\n    at validatePath (C:\\Projects\\API-Monitoring\\server\\node_modules\\mongoose\\lib\\document.js:3192:13)\n    at process.processTicksAndRejections (node:internal/process/task_queues:105:5)\n    at async Promise.all (index 0)\n    at async model.$__validate (C:\\Projects\\API-Monitoring\\server\\node_modules\\mongoose\\lib\\document.js:3133:3)\n    at async model.validate (C:\\Projects\\API-Monitoring\\server\\node_modules\\mongoose\\lib\\document.js:2702:5)\n    at async model.validateBeforeSavePreSave (C:\\Projects\\API-Monitoring\\server\\node_modules\\mongoose\\lib\\plugins\\validateBeforeSave.js:39:5)\n    at async Kareem.execPre (C:\\Projects\\API-Monitoring\\server\\node_modules\\kareem\\index.js:70:24)\n    at async model.$__save (C:\\Projects\\API-Monitoring\\server\\node_modules\\mongoose\\lib\\model.js:376:5)\n    at async model.save (C:\\Projects\\API-Monitoring\\server\\node_modules\\mongoose\\lib\\model.js:642:5)","statusCode":500,"timestamp":"2026-05-24 12:30:18"}
{"duration":130,"level":"info","message":"HTTP POST /api/auth/register ::1 130ms","method":"POST","path":"/api/auth/register","service":"api-monitoring","status":400,"timestamp":"2026-05-24 12:30:18"}
{"ip":"::1","level":"info","message":"POST /api/auth/register","service":"api-monitoring","timestamp":"2026-05-24 12:30:33","userAgent":"PostmanRuntime/7.53.0"}
{"_message":"User validation failed","errors":{"clientId":{"kind":"required","message":"Path `clientId` is required.","name":"ValidatorError","path":"clientId","properties":{"message":"Path `clientId` is required.","path":"clientId","type":"required"}}},"level":"error","message":"Error creating user User validation failed: clientId: Path `clientId` is required.","service":"api-monitoring","stack":"ValidationError: User validation failed: clientId: Path `clientId` is required.\n    at Document.invalidate (C:\\Projects\\API-Monitoring\\server\\node_modules\\mongoose\\lib\\document.js:3420:32)\n    at validatePath (C:\\Projects\\API-Monitoring\\server\\node_modules\\mongoose\\lib\\document.js:3192:13)\n    at process.processTicksAndRejections (node:internal/process/task_queues:105:5)\n    at async Promise.all (index 0)\n    at async model.$__validate (C:\\Projects\\API-Monitoring\\server\\node_modules\\mongoose\\lib\\document.js:3133:3)\n    at async model.validate (C:\\Projects\\API-Monitoring\\server\\node_modules\\mongoose\\lib\\document.js:2702:5)\n    at async model.validateBeforeSavePreSave (C:\\Projects\\API-Monitoring\\server\\node_modules\\mongoose\\lib\\plugins\\validateBeforeSave.js:39:5)\n    at async Kareem.execPre (C:\\Projects\\API-Monitoring\\server\\node_modules\\kareem\\index.js:70:24)\n    at async model.$__save (C:\\Projects\\API-Monitoring\\server\\node_modules\\mongoose\\lib\\model.js:376:5)\n    at async model.save (C:\\Projects\\API-Monitoring\\server\\node_modules\\mongoose\\lib\\model.js:642:5)","timestamp":"2026-05-24 12:30:33"}
{"_message":"User validation failed","errors":{"clientId":{"kind":"required","message":"Path `clientId` is required.","name":"ValidatorError","path":"clientId","properties":{"message":"Path `clientId` is required.","path":"clientId","type":"required"}}},"level":"error","message":"Error in registering user User validation failed: clientId: Path `clientId` is required.","service":"api-monitoring","stack":"ValidationError: User validation failed: clientId: Path `clientId` is required.\n    at Document.invalidate (C:\\Projects\\API-Monitoring\\server\\node_modules\\mongoose\\lib\\document.js:3420:32)\n    at validatePath (C:\\Projects\\API-Monitoring\\server\\node_modules\\mongoose\\lib\\document.js:3192:13)\n    at process.processTicksAndRejections (node:internal/process/task_queues:105:5)\n    at async Promise.all (index 0)\n    at async model.$__validate (C:\\Projects\\API-Monitoring\\server\\node_modules\\mongoose\\lib\\document.js:3133:3)\n    at async model.validate (C:\\Projects\\API-Monitoring\\server\\node_modules\\mongoose\\lib\\document.js:2702:5)\n    at async model.validateBeforeSavePreSave (C:\\Projects\\API-Monitoring\\server\\node_modules\\mongoose\\lib\\plugins\\validateBeforeSave.js:39:5)\n    at async Kareem.execPre (C:\\Projects\\API-Monitoring\\server\\node_modules\\kareem\\index.js:70:24)\n    at async model.$__save (C:\\Projects\\API-Monitoring\\server\\node_modules\\mongoose\\lib\\model.js:376:5)\n    at async model.save (C:\\Projects\\API-Monitoring\\server\\node_modules\\mongoose\\lib\\model.js:642:5)","timestamp":"2026-05-24 12:30:33"}
{"level":"error","message":"User validation failed: clientId: Path `clientId` is required.","method":"POST","path":"/api/auth/register","service":"api-monitoring","stack":"ValidationError: User validation failed: clientId: Path `clientId` is required.\n    at Document.invalidate (C:\\Projects\\API-Monitoring\\server\\node_modules\\mongoose\\lib\\document.js:3420:32)\n    at validatePath (C:\\Projects\\API-Monitoring\\server\\node_modules\\mongoose\\lib\\document.js:3192:13)\n    at process.processTicksAndRejections (node:internal/process/task_queues:105:5)\n    at async Promise.all (index 0)\n    at async model.$__validate (C:\\Projects\\API-Monitoring\\server\\node_modules\\mongoose\\lib\\document.js:3133:3)\n    at async model.validate (C:\\Projects\\API-Monitoring\\server\\node_modules\\mongoose\\lib\\document.js:2702:5)\n    at async model.validateBeforeSavePreSave (C:\\Projects\\API-Monitoring\\server\\node_modules\\mongoose\\lib\\plugins\\validateBeforeSave.js:39:5)\n    at async Kareem.execPre (C:\\Projects\\API-Monitoring\\server\\node_modules\\kareem\\index.js:70:24)\n    at async model.$__save (C:\\Projects\\API-Monitoring\\server\\node_modules\\mongoose\\lib\\model.js:376:5)\n    at async model.save (C:\\Projects\\API-Monitoring\\server\\node_modules\\mongoose\\lib\\model.js:642:5)","statusCode":500,"timestamp":"2026-05-24 12:30:33"}
{"duration":27,"level":"info","message":"HTTP POST /api/auth/register ::1 27ms","method":"POST","path":"/api/auth/register","service":"api-monitoring","status":400,"timestamp":"2026-05-24 12:30:33"}
{"ip":"::1","level":"info","message":"POST /api/auth/register","service":"api-monitoring","timestamp":"2026-05-24 12:30:45","userAgent":"PostmanRuntime/7.53.0"}
{"level":"info","message":"user created","service":"api-monitoring","timestamp":"2026-05-24 12:30:45","username":"Prashant2"}
{"level":"info","message":"User registered sucessfully","service":"api-monitoring","timestamp":"2026-05-24 12:30:45","username":"Prashant2"}
{"duration":241,"level":"info","message":"HTTP POST /api/auth/register ::1 241ms","method":"POST","path":"/api/auth/register","service":"api-monitoring","status":201,"timestamp":"2026-05-24 12:30:45"}
{"ip":"::1","level":"info","message":"POST /api/auth/login","service":"api-monitoring","timestamp":"2026-05-24 12:31:55","userAgent":"PostmanRuntime/7.53.0"}
{"level":"info","message":"user loggedIn successfully","service":"api-monitoring","timestamp":"2026-05-24 12:31:56","username":"Prashant"}
{"duration":215,"level":"info","message":"HTTP POST /api/auth/login ::1 215ms","method":"POST","path":"/api/auth/login","service":"api-monitoring","status":200,"timestamp":"2026-05-24 12:31:56"}
{"ip":"::1","level":"info","message":"GET /api/auth/logout","service":"api-monitoring","timestamp":"2026-05-24 12:41:29","userAgent":"PostmanRuntime/7.53.0"}
{"duration":53,"level":"info","message":"HTTP GET /api/auth/logout ::1 53ms","method":"GET","path":"/api/auth/logout","service":"api-monitoring","status":200,"timestamp":"2026-05-24 12:41:29"}
{"ip":"::1","level":"info","message":"POST /api/auth/login","service":"api-monitoring","timestamp":"2026-05-24 12:41:46","userAgent":"PostmanRuntime/7.53.0"}
{"level":"info","message":"user loggedIn successfully","service":"api-monitoring","timestamp":"2026-05-24 12:41:46","username":"Prashant"}
{"duration":299,"level":"info","message":"HTTP POST /api/auth/login ::1 299ms","method":"POST","path":"/api/auth/login","service":"api-monitoring","status":200,"timestamp":"2026-05-24 12:41:46"}
{"ip":"::1","level":"info","message":"GET /api/auth/profile","service":"api-monitoring","timestamp":"2026-05-24 12:41:55","userAgent":"PostmanRuntime/7.53.0"}
{"duration":32,"level":"info","message":"HTTP GET /api/auth/profile ::1 32ms","method":"GET","path":"/api/auth/profile","service":"api-monitoring","status":200,"timestamp":"2026-05-24 12:41:55"}
{"level":"info","message":"SIGINT received, shutting down gracefully...","service":"api-monitoring","timestamp":"2026-05-24 12:45:49"}
{"level":"info","message":"HTTP server closed","service":"api-monitoring","timestamp":"2026-05-24 12:45:49"}
{"level":"info","message":"MongoDB disconnected!","service":"api-monitoring","timestamp":"2026-05-24 12:45:49"}
{"level":"info","message":"PG pool closed!","service":"api-monitoring","timestamp":"2026-05-24 12:45:49"}
{"level":"warn","message":"RabbitMQ connection closed!","service":"api-monitoring","timestamp":"2026-05-24 12:45:49"}
